{"superToken":"138888887108548032","aave":"601034952757945835721","yieldSnapshot":"600757174980168059722","id":"1"}