{"superToken":"166666664445753216","aave":"865129539737380898971","yieldSnapshot":"866016041795145257956","id":"7"}