{"superToken":"83333333333332800","aave":"951140598","yieldSnapshot":"1022754253998444457215","id":"5"}