{"superToken":"83333333333332800","aave":"914224025803324182181","yieldSnapshot":"865129539737380898966","id":"6"}