{"id":"1","realTimeBalance":"645966601023445964562","tokenBalance":"949520486109812909860","deposit":"403961055876000000000000000","outFlow":"0","outStepAmount":"0","outStepTime":"0","outStreamCreated":"0","outStreamInit":"0","outMinBalance":"0","outStreamId":"0x0000000000000000000000000000000000000000000000000000000000000000","nextExecOut":"0","inFlow":"19290123456790","inFlowDeposit":"69444445740728320","timestamp":"1685117090"}