{"id":"3","realTimeBalance":"172198394418220232670","tokenBalance":"909874999997667265024","deposit":"76643325000000000000000000","outStepAmount":"0","outStreamInit":"0","outStepTime":"0","outMinBalance":"0","outStreamCreated":"0","outStreamId":"0x0000000000000000000000000000000000000000000000000000000000000000","nextExecOut":"0","outFlow":"0","inFlow":"34722222222222","inFlowDeposit":"125000002333310976","timestamp":"1695485091"}