{"id":"2","realTimeBalance":"702359861053271745058","tokenBalance":"350000000000002240000","deposit":"702359861053271745058112083","outStepAmount":"0","outStreamInit":"1700669091","outStepTime":"40437927","outMinBalance":"0","outStreamCreated":"0","outStreamId":"0x887b4c9ac999aef3b519b27534d7070ca0ba6bfb58a0578572c479f63139a489","nextExecOut":"1741107018","outFlow":"17361111111111","inFlow":"0","inFlowDeposit":"138888891481456640","timestamp":"1700669091"}