{"id":"1","realTimeBalance":"560485702132952645713","tokenBalance":"445000000000001312000","deposit":"604934154231343192240227390","outFlow":"17361111111111","outStepAmount":"0","outStepTime":"34826207","outStreamCreated":"0","outStreamInit":"1705771782","outMinBalance":"0","outStreamId":"0x265b4c89272e54603ba849fd4ebf326d40c03c52c3e761199ab7e23f1c6b0581","nextExecOut":"1740597989","inFlow":"0","inFlowDeposit":"0","timestamp":"1705771782"}