{"id":"2","realTimeBalance":"600653247648699993910","tokenBalance":"399444444442666028032","deposit":"500156452315739459739445920","outStepAmount":"0","outStreamInit":"0","outStepTime":"0","outMinBalance":"0","outStreamCreated":"0","outStreamId":"0x0000000000000000000000000000000000000000000000000000000000000000","nextExecOut":"0","outFlow":"0","inFlow":"38580246913580","inFlowDeposit":"555555557335891968","timestamp":"1685035782"}