{"id":"1","realTimeBalance":"352489306972000000000","tokenBalance":"650000000000000000000","deposit":"352172000000000000000000000","outFlow":"0","outStepAmount":"0","outStepTime":"0","outStreamCreated":"0","outStreamInit":"0","outMinBalance":"0","outStreamId":"0x0000000000000000000000000000000000000000000000000000000000000000","nextExecOut":"0","inFlow":"0","inFlowDeposit":"0","timestamp":"1687627782"}