{"id":"2","realTimeBalance":"701239160116904044175","tokenBalance":"300000000000002560000","deposit":"701239160116904044175030560","outStepAmount":"0","outStreamInit":"0","outStepTime":"0","outMinBalance":"0","outStreamCreated":"0","outStreamId":"0x0000000000000000000000000000000000000000000000000000000000000000","nextExecOut":"0","outFlow":"0","inFlow":"0","inFlowDeposit":"555555557335891968","timestamp":"1690219782"}