{"id":"2","realTimeBalance":"752748842127976827427","tokenBalance":"300000000000002560000","deposit":"752748842127976827427485955","outStepAmount":"0","outStreamInit":"1687709091","outStepTime":"39004499","outMinBalance":"0","outStreamCreated":"0","outStreamId":"0x61c529cb1eb2fb5e66386014cb2b7e86b1342bb784e5d4f5f0ab5c5361417a5c","nextExecOut":"1726713590","outFlow":"19290123456790","inFlow":"0","inFlowDeposit":"138888891481456640","timestamp":"1687709091"}