{"id":"2","realTimeBalance":"653202457141020096638","tokenBalance":"350000000000002240000","deposit":"653202457141020096638939868","outStepAmount":"0","outStreamInit":"0","outStepTime":"0","outMinBalance":"0","outStreamCreated":"0","outStreamId":"0x0000000000000000000000000000000000000000000000000000000000000000","nextExecOut":"0","outFlow":"0","inFlow":"0","inFlowDeposit":"555555557335891968","timestamp":"1697995782"}