{"id":"3","realTimeBalance":"75000000000000000000","tokenBalance":"1000000000000000000000","deposit":"75000000000000000000000000","outStepAmount":"0","outStreamInit":"0","outStepTime":"0","outMinBalance":"0","outStreamCreated":"0","outStreamId":"0x0000000000000000000000000000000000000000000000000000000000000000","nextExecOut":"0","outFlow":"0","inFlow":"0","inFlowDeposit":"0","timestamp":"1692893090"}