{"id":"1","realTimeBalance":"504029979238186501310","tokenBalance":"499722222221333014016","deposit":"352823870372000000000000000","outFlow":"0","outStepAmount":"0","outStepTime":"0","outStreamCreated":"0","outStreamInit":"0","outMinBalance":"0","outStreamId":"0x0000000000000000000000000000000000000000000000000000000000000000","nextExecOut":"0","inFlow":"19290123456790","inFlowDeposit":"277777778667945984","timestamp":"1692811782"}