{"id":"4","timestamp":"1687627782","poolTotalBalance":"952913200273767949610","poolBalance":"0","aaveBalance":"952913200273767949613","protocolYield":"87396008213096087","deposit":"852328452315739459739445920","depositFromInFlowRate":"99999999999999360000000000","depositFromOutFlowRate":"0","inFlowRate":"38580246913580","outFlowRate":"0","outFlowBuffer":"0","yieldTokenIndex":"4344","yieldInFlowRateIndex":"5225637169","yieldOutFlowRateIndex":"0","yieldAccrued":"948376476390446150","yieldSnapshot":"952913200273767949613","totalYield":"2825804265556773523","apy":"0","apySpan":"12960010"}