{"id":"8","timestamp":"1690301090","poolTotalBalance":"1244331968222222220000","poolBalance":"0","aaveBalance":"1244331968","protocolYield":"4329959046666753000","deposit":"1121865255529500982717213435","depositFromInFlowRate":"99999999999999360000000000","depositFromOutFlowRate":"0","inFlowRate":"19290123456790","outFlowRate":"0","outFlowBuffer":"0","yieldTokenIndex":"156187","yieldInFlowRateIndex":"271181422686","yieldOutFlowRateIndex":"26989819171","yieldAccrued":"25130310135555863800","yieldSnapshot":"1243984746000000000000","totalYield":"140002009175558347000","apy":"0","apySpan":"23328019"}