{"id":"7","timestamp":"1695403782","poolTotalBalance":"1105910511822148450436","poolBalance":"69444443554274016","aaveBalance":"1105563289599926230442","protocolYield":"177315354664539910","deposit":"1055379957631603589969991267","depositFromInFlowRate":"49999999999999680000000000","depositFromOutFlowRate":"0","inFlowRate":"19290123456790","outFlowRate":"19290123456790","outFlowBuffer":"69444444444444000","yieldTokenIndex":"7123","yieldInFlowRateIndex":"9935007774","yieldOutFlowRateIndex":"0","yieldAccrued":"1001741174458869702","yieldSnapshot":"1055910511822148770443","totalYield":"5733196467486790526","apy":"0","apySpan":"20736010"}