{"id":"10","timestamp":"1703179782","poolTotalBalance":"1209234751736045291177","poolBalance":"0","aaveBalance":"1209234751736045291187","protocolYield":"277042552081464330","deposit":"1006708150012904091449393915","depositFromInFlowRate":"199999999999998720000000000","depositFromOutFlowRate":"0","inFlowRate":"54012345679012","outFlowRate":"0","outFlowBuffer":"0","yieldTokenIndex":"9952","yieldInFlowRateIndex":"28237653692","yieldOutFlowRateIndex":"1237349563","yieldAccrued":"1110183672551370415","yieldSnapshot":"1209234751736045291187","totalYield":"8957709183967346847","apy":"0","apySpan":"28512010"}