{"id":"3","timestamp":"1677341091","poolTotalBalance":"1033874164999998720000","poolBalance":"0","aaveBalance":"1033874165","protocolYield":"1016224950000000000","deposit":"1002738161589967838278234960","depositFromInFlowRate":"0","depositFromOutFlowRate":"0","inFlowRate":"38580246913580","outFlowRate":"0","outFlowBuffer":"0","yieldTokenIndex":"60238","yieldInFlowRateIndex":"70973148412","yieldOutFlowRateIndex":"0","yieldAccrued":"16428969540000000000","yieldSnapshot":"1033874164999998720000","totalYield":"32857940050000000000","apy":"0","apySpan":"10368020"}