{"id":"5","timestamp":"1690219782","poolTotalBalance":"1053845066101615018475","poolBalance":"0","aaveBalance":"1053845066101615018479","protocolYield":"115351983048527352","deposit":"1053411160116904044175030560","depositFromInFlowRate":"0","depositFromOutFlowRate":"0","inFlowRate":"0","outFlowRate":"0","outFlowBuffer":"0","yieldTokenIndex":"5245","yieldInFlowRateIndex":"8731874570","yieldOutFlowRateIndex":"0","yieldAccrued":"903909853012277600","yieldSnapshot":"1053845066101615018480","totalYield":"3729714118569051123","apy":"0","apySpan":"15552010"}