{"id":"12","timestamp":"1708363782","poolTotalBalance":"1396772221297718065035","poolBalance":"124999999628342944","aaveBalance":"1396147221297346412791","protocolYield":"353166638931683065","deposit":"1260436218595968610625222360","depositFromInFlowRate":"179999999999998848000000000","depositFromOutFlowRate":"44999999999999712000000000","inFlowRate":"34722222222222","outFlowRate":"34722222222222","outFlowBuffer":"124999999999999200","yieldTokenIndex":"11808","yieldInFlowRateIndex":"36470948206","yieldOutFlowRateIndex":"2465654728","yieldAccrued":"1299689440749976940","yieldSnapshot":"1396147221297346412791","totalYield":"11419054658791085970","apy":"0","apySpan":"33696010"}