{"id":"1","realTimeBalance":"516428500000000000000","tokenBalance":"999589930555552358180","deposit":"500000000000000000000000000","outFlow":"0","outStepAmount":"0","outStepTime":"0","outStreamCreated":"0","outStreamInit":"0","outMinBalance":"0","outStreamId":"0x0000000000000000000000000000000000000000000000000000000000000000","nextExecOut":"0","inFlow":"0","inFlowDeposit":"0","timestamp":"1666973090"}