{"id":"1","realTimeBalance":"513344106448342664641","tokenBalance":"1010839930555552286180","deposit":"523896000000000000000000000","outFlow":"57870370370370","outStepAmount":"0","outStepTime":"9034922","outStreamCreated":"0","outStreamInit":"1674749090","outMinBalance":"0","outStreamId":"0x1a772f761746201bc921a8004458d82e2d95b3e06cfc77bdd1e379a9c090f369","nextExecOut":"1683784012","inFlow":"0","inFlowDeposit":"0","timestamp":"1674749090"}