{"id":"3","realTimeBalance":"0","tokenBalance":"999722222221332054016","deposit":"0","outStepAmount":"0","outStreamInit":"0","outStepTime":"0","outMinBalance":"0","outStreamCreated":"0","outStreamId":"0x0000000000000000000000000000000000000000000000000000000000000000","nextExecOut":"0","outFlow":"0","inFlow":"19290123456790","inFlowDeposit":"277777778667945984","timestamp":"1682638182"}