{"id":"3","realTimeBalance":"1196079660686720740","tokenBalance":"998749999998703723680","deposit":"0","outStepAmount":"0","outStreamInit":"0","outStepTime":"0","outMinBalance":"0","outStreamCreated":"0","outStreamId":"0x0000000000000000000000000000000000000000000000000000000000000000","nextExecOut":"0","outFlow":"0","inFlow":"19290123456790","inFlowDeposit":"69444445740728320","timestamp":"1674943491"}