{"id":"1","realTimeBalance":"435932535486065234901","tokenBalance":"565624999999999580000","deposit":"435932535486065234901378200","outFlow":"34722222222222","outStepAmount":"0","outStepTime":"12536857","outStreamCreated":"1683577209","outStreamInit":"1683577209","outMinBalance":"0","outStreamId":"0xd9cfa92bac7e335b2d03245f16d517b4dddbdd04cd2ea7572304619e83723078","nextExecOut":"1696114066","inFlow":"0","inFlowDeposit":"0","timestamp":"1683577209"}