{"id":"2","realTimeBalance":"123505680403070779432","tokenBalance":"876361111106963792576","deposit":"109912731072105778040002620","outStepAmount":"0","outStreamInit":"0","outStepTime":"0","outMinBalance":"0","outStreamCreated":"0","outStreamId":"0x0000000000000000000000000000000000000000000000000000000000000000","nextExecOut":"0","outFlow":"0","inFlow":"15432098765432","inFlowDeposit":"555555557335891968","timestamp":"1682699382"}