{"id":"3","realTimeBalance":"18196671578375655146","tokenBalance":"981805555554259387680","deposit":"0","outStepAmount":"0","outStreamInit":"0","outStepTime":"0","outMinBalance":"0","outStreamCreated":"0","outStreamId":"0x0000000000000000000000000000000000000000000000000000000000000000","nextExecOut":"0","outFlow":"0","inFlow":"19290123456790","inFlowDeposit":"69444445740728320","timestamp":"1674943490"}