{"id":"4","timestamp":"1682638182","poolTotalBalance":"597745274827228976775","poolBalance":"208333333333332000","aaveBalance":"596703608157891806826","protocolYield":"44858244816887782","deposit":"501365000000000000000000000","depositFromInFlowRate":"107499999999999312000000000","depositFromOutFlowRate":"11249999999999928000000000","inFlowRate":"57870370370370","outFlowRate":"57870370370370","outFlowBuffer":"208333333333332000","yieldTokenIndex":"2800","yieldInFlowRateIndex":"1295930713","yieldOutFlowRateIndex":"6865845","yieldAccrued":"42345740537959464","yieldSnapshot":"596703608157891806825","totalYield":"1450416582412704993","apy":"0","apySpan":"7970410"}