{"id":"3","timestamp":"1681149265","poolTotalBalance":"600792865160559249305","poolBalance":"1874999997329478048","aaveBalance":"598084531827225933307","protocolYield":"23785954816796679","deposit":"500745500000000000000000000","depositFromInFlowRate":"99999999999999360000000000","depositFromOutFlowRate":"0","inFlowRate":"38580246913580","outFlowRate":"57870370370370","outFlowBuffer":"208333333333332000","yieldTokenIndex":"1491","yieldInFlowRateIndex":"604076757","yieldOutFlowRateIndex":"0","yieldAccrued":"256359735247697542","yieldSnapshot":"598084531827225933307","totalYield":"769079205743092626","apy":"0","apySpan":"7776014"}