{"superToken":"2208333333333319200","aave":"578870052722170209085","yieldSnapshot":"578717331447688985801","id":"13"}