{"superToken":"2208333333333319200","aave":"576888859439462915218","yieldSnapshot":"576717331447688998601","id":"14"}