{"superToken":"2208333333333319200","aave":"594717331447688883403","yieldSnapshot":"594717331447688883401","id":"5"}