{"superToken":"1874999999999988000","aave":"597096056576735592632","yieldSnapshot":"597076619448352814925","id":"2"}