{"superToken":"2499999996111131040","aave":"623113958","yieldSnapshot":"622697291666666044000","id":"1"}