{"superToken":"2208333333333319200","aave":"620375744","yieldSnapshot":"620375743000000012799","id":"12"}