{"superToken":"2208333333333319200","aave":"607429521","yieldSnapshot":"604375743000000115199","id":"20"}