{"superToken":"2208333333333319200","aave":"612289033","yieldSnapshot":"610375743000000076799","id":"17"}