{"superToken":"2208333333333319200","aave":"604186692","yieldSnapshot":"600375745000000140799","id":"15"}