{"superToken":"458333335260527840","aave":"2208333333333319200","yieldSnapshot":"574994049877697818415","id":"23"}