{"superToken":"2208333333333319200","aave":"617142919","yieldSnapshot":"616375745000000038399","id":"7"}