{"superToken":"2208333333333319200","aave":"580851182961831391078","yieldSnapshot":"580717331420239218708","id":"19"}