{"superToken":"2208333333333319200","aave":"576888859408907475793","yieldSnapshot":"576717331420239244308","id":"21"}